error: The following required arguments were not provided:
    <FROM>
    <TO>...

USAGE:
    srt-transmit [OPTIONS] <FROM> <TO>...

For more information try --help
