Invalid settings detected: Failed to parse key length: invalid digit found in string

See stransmit-rs --help for more info