Invalid settings detected: local_port is incompatible with listen connection technique

See stransmit-rs --help for more info
