Invalid settings detected: The multiplex option is only supported for listen connections

See stransmit-rs --help for more info
