Invalid settings detected: multiplex is not a valid option for input urls

See stransmit-rs --help for more info
