Invalid settings detected: Unexpected value for multiplex: yes

See stransmit-rs --help for more info
