error: The following required arguments were not provided:
    <FROM>
    <TO>

USAGE:
    stransmit-rs <FROM> <TO>

For more information try --help
