Invalid settings detected: pbkeylen specified with no passphrase

See stransmit-rs --help for more info