Invalid settings detected: Cannot have rendezvous connection without host specified

See stransmit-rs --help for more info
